Analyzing ....

   info - lib\services\auth_service.dart:26:7 - Don't invoke 'print' in production code. Try using a logging framework. - avoid_print
   info - lib\services\auth_service.dart:34:7 - Don't invoke 'print' in production code. Try using a logging framework. - avoid_print
   info - lib\services\auth_service.dart:59:7 - Don't invoke 'print' in production code. Try using a logging framework. - avoid_print
   info - lib\services\auth_service.dart:77:7 - Don't invoke 'print' in production code. Try using a logging framework. - avoid_print
   info - lib\services\auth_service.dart:104:7 - Don't invoke 'print' in production code. Try using a logging framework. - avoid_print
   info - lib\services\auth_service.dart:113:7 - Don't invoke 'print' in production code. Try using a logging framework. - avoid_print

6 issues found.
